******************************************************************************
                  MSP430 Linker PC v21.6.0                     
******************************************************************************
>> Linked Fri Aug 29 10:53:40 2025

OUTPUT FILE NAME:   <BLTChallenge.out>
ENTRY POINT SYMBOL: "_c_int00_noargs"  address: 000081d6


MEMORY CONFIGURATION

         name            origin    length      used     unused   attr    fill
----------------------  --------  ---------  --------  --------  ----  --------
  SFR                   00000000   00000010  00000000  00000010  RWIX
  PERIPHERALS_8BIT      00000010   000000f0  00000000  000000f0  RWIX
  PERIPHERALS_16BIT     00000100   00000100  00000000  00000100  RWIX
  RAM                   00000200   00000400  00000058  000003a8  RWIX
  INFOD                 00001000   00000040  00000000  00000040  RWIX
  INFOC                 00001040   00000040  00000000  00000040  RWIX
  INFOB                 00001080   00000040  00000000  00000040  RWIX
  INFOA                 000010c0   00000040  00000000  00000040  RWIX
  FLASH                 00008000   00007fde  0000024a  00007d94  RWIX
  BSLSIGNATURE          0000ffde   00000002  00000002  00000000  RWIX  ffff 
  INT00                 0000ffe0   00000002  00000000  00000002  RWIX
  INT01                 0000ffe2   00000002  00000000  00000002  RWIX
  INT02                 0000ffe4   00000002  00000002  00000000  RWIX
  INT03                 0000ffe6   00000002  00000002  00000000  RWIX
  INT04                 0000ffe8   00000002  00000000  00000002  RWIX
  INT05                 0000ffea   00000002  00000002  00000000  RWIX
  INT06                 0000ffec   00000002  00000002  00000000  RWIX
  INT07                 0000ffee   00000002  00000002  00000000  RWIX
  INT08                 0000fff0   00000002  00000002  00000000  RWIX
  INT09                 0000fff2   00000002  00000002  00000000  RWIX
  INT10                 0000fff4   00000002  00000002  00000000  RWIX
  INT11                 0000fff6   00000002  00000000  00000002  RWIX
  INT12                 0000fff8   00000002  00000002  00000000  RWIX
  INT13                 0000fffa   00000002  00000002  00000000  RWIX
  INT14                 0000fffc   00000002  00000002  00000000  RWIX
  RESET                 0000fffe   00000002  00000002  00000000  RWIX


SECTION ALLOCATION MAP

 output                                  attributes/
section   page    origin      length       input sections
--------  ----  ----------  ----------   ----------------
.data      0    00000200    00000008     UNINITIALIZED
                  00000200    00000008     main.obj (.data)

.stack     0    000005b0    00000050     UNINITIALIZED
                  000005b0    00000002     rts430_eabi.lib : boot.c.obj (.stack)
                  000005b2    0000004e     --HOLE--

.text      0    00008000    0000023a     
                  00008000    0000007c     rts430_eabi.lib : copy_decompress_lzss.c.obj (.text:decompress:lzss:__TI_decompress_lzss)
                  0000807c    0000006c     main.obj (.text:Timer_A)
                  000080e8    0000004c     rts430_eabi.lib : lsr16.asm.obj (.text)
                  00008134    00000042                     : autoinit.c.obj (.text:__TI_auto_init_nobinit_nopinit:__TI_auto_init_nobinit_nopinit)
                  00008176    00000034     main.obj (.text:main)
                  000081aa    0000002c     rts430_eabi.lib : lsl16.asm.obj (.text)
                  000081d6    0000001c                     : boot.c.obj (.text:_c_int00_noargs)
                  000081f2    00000012                     : copy_decompress_none.c.obj (.text:decompress:none:__TI_decompress_none)
                  00008204    00000012                     : memcpy.c.obj (.text:memcpy)
                  00008216    00000010                     : epilog.asm.obj (.text)
                  00008226    00000008                     : isr_trap.asm.obj (.text:_isr:__TI_ISR_TRAP)
                  0000822e    00000006                     : exit.c.obj (.text:abort)
                  00008234    00000004                     : pre_init.c.obj (.text:_system_pre_init)
                  00008238    00000002                     : startup.c.obj (.text:_system_post_cinit)

.cinit     0    0000823a    00000010     
                  0000823a    00000007     (.cinit..data.load) [load image, compression = lzss]
                  00008241    00000001     --HOLE-- [fill = 0]
                  00008242    00000004     (__TI_handler_table)
                  00008246    00000004     (__TI_cinit_table)

.binit     0    00008000    00000000     

.init_array 
*          0    00008000    00000000     UNINITIALIZED

PORT1      0    0000ffe4    00000002     
                  0000ffe4    00000002     rts430_eabi.lib : int02.asm.obj (.int02)

PORT2      0    0000ffe6    00000002     
                  0000ffe6    00000002     rts430_eabi.lib : int03.asm.obj (.int03)

ADC10      0    0000ffea    00000002     
                  0000ffea    00000002     rts430_eabi.lib : int05.asm.obj (.int05)

USCIAB0TX 
*          0    0000ffec    00000002     
                  0000ffec    00000002     rts430_eabi.lib : int06.asm.obj (.int06)

USCIAB0RX 
*          0    0000ffee    00000002     
                  0000ffee    00000002     rts430_eabi.lib : int07.asm.obj (.int07)

TIMERA1    0    0000fff0    00000002     
                  0000fff0    00000002     main.obj (.int08)

TIMERA0    0    0000fff2    00000002     
                  0000fff2    00000002     rts430_eabi.lib : int09.asm.obj (.int09)

WDT        0    0000fff4    00000002     
                  0000fff4    00000002     rts430_eabi.lib : int10.asm.obj (.int10)

TIMERB1    0    0000fff8    00000002     
                  0000fff8    00000002     rts430_eabi.lib : int12.asm.obj (.int12)

TIMERB0    0    0000fffa    00000002     
                  0000fffa    00000002     rts430_eabi.lib : int13.asm.obj (.int13)

NMI        0    0000fffc    00000002     
                  0000fffc    00000002     rts430_eabi.lib : int14.asm.obj (.int14)

.reset     0    0000fffe    00000002     
                  0000fffe    00000002     rts430_eabi.lib : boot.c.obj (.reset)

$fill000   0    0000ffde    00000002     
                  0000ffde    00000002     --HOLE-- [fill = ffff]

MODULE SUMMARY

       Module                       code   ro data   rw data
       ------                       ----   -------   -------
    .\
       main.obj                     160    2         8      
    +--+----------------------------+------+---------+---------+
       Total:                       160    2         8      
                                                            
    C:\ti\ccs1120\ccs\tools\compiler\ti-cgt-msp430_21.6.0.LTS\lib\rts430_eabi.lib
       copy_decompress_lzss.c.obj   124    0         0      
       lsr16.asm.obj                76     0         0      
       autoinit.c.obj               66     0         0      
       lsl16.asm.obj                44     0         0      
       boot.c.obj                   28     2         0      
       copy_decompress_none.c.obj   18     0         0      
       memcpy.c.obj                 18     0         0      
       epilog.asm.obj               16     0         0      
       isr_trap.asm.obj             8      0         0      
       exit.c.obj                   6      0         0      
       pre_init.c.obj               4      0         0      
       int02.asm.obj                0      2         0      
       int03.asm.obj                0      2         0      
       int05.asm.obj                0      2         0      
       int06.asm.obj                0      2         0      
       int07.asm.obj                0      2         0      
       int09.asm.obj                0      2         0      
       int10.asm.obj                0      2         0      
       int12.asm.obj                0      2         0      
       int13.asm.obj                0      2         0      
       int14.asm.obj                0      2         0      
       startup.c.obj                2      0         0      
    +--+----------------------------+------+---------+---------+
       Total:                       410    22        0      
                                                            
       Stack:                       0      0         80     
       Linker Generated:            0      15        0      
    +--+----------------------------+------+---------+---------+
       Grand Total:                 570    39        88     


LINKER GENERATED COPY TABLES

__TI_cinit_table @ 00008246 records: 1, size/record: 4, table size: 4
	.data: load addr=0000823a, load size=00000007 bytes, run addr=00000200, run size=00000008 bytes, compression=lzss


LINKER GENERATED HANDLER TABLE

__TI_handler_table @ 00008242 records: 2, size/record: 2, table size: 4
	index: 0, handler: __TI_decompress_lzss
	index: 1, handler: __TI_decompress_none


GLOBAL SYMBOLS: SORTED ALPHABETICALLY BY Name 

address   name                          
-------   ----                          
0000004a  ADC10AE0                      
0000004b  ADC10AE1                      
000001b0  ADC10CTL0                     
000001b2  ADC10CTL1                     
00000048  ADC10DTC0                     
00000049  ADC10DTC1                     
000001b4  ADC10MEM                      
000001bc  ADC10SA                       
00000057  BCSCTL1                       
00000058  BCSCTL2                       
00000053  BCSCTL3                       
0000822e  C$$EXIT                       
000010fb  CALBC1_12MHZ                  
000010f9  CALBC1_16MHZ                  
000010ff  CALBC1_1MHZ                   
000010fd  CALBC1_8MHZ                   
000010fa  CALDCO_12MHZ                  
000010f8  CALDCO_16MHZ                  
000010fe  CALDCO_1MHZ                   
000010fc  CALDCO_8MHZ                   
00000056  DCOCTL                        
00000128  FCTL1                         
0000012a  FCTL2                         
0000012c  FCTL3                         
00000000  IE1                           
00000001  IE2                           
00000002  IFG1                          
00000003  IFG2                          
00000022  P1DIR                         
00000025  P1IE                          
00000024  P1IES                         
00000023  P1IFG                         
00000020  P1IN                          
00000021  P1OUT                         
00000027  P1REN                         
00000026  P1SEL                         
0000002a  P2DIR                         
0000002d  P2IE                          
0000002c  P2IES                         
0000002b  P2IFG                         
00000028  P2IN                          
00000029  P2OUT                         
0000002f  P2REN                         
0000002e  P2SEL                         
0000001a  P3DIR                         
00000018  P3IN                          
00000019  P3OUT                         
00000010  P3REN                         
0000001b  P3SEL                         
0000001e  P4DIR                         
0000001c  P4IN                          
0000001d  P4OUT                         
00000011  P4REN                         
0000001f  P4SEL                         
00000172  TACCR0                        
00000174  TACCR1                        
00000176  TACCR2                        
00000162  TACCTL0                       
00000164  TACCTL1                       
00000166  TACCTL2                       
00000160  TACTL                         
0000012e  TAIV                          
00000170  TAR                           
00000192  TBCCR0                        
00000194  TBCCR1                        
00000196  TBCCR2                        
00000182  TBCCTL0                       
00000184  TBCCTL1                       
00000186  TBCCTL2                       
00000180  TBCTL                         
0000011e  TBIV                          
00000190  TBR                           
0000807c  Timer_A                       
0000005d  UCA0ABCTL                     
00000062  UCA0BR0                       
00000063  UCA0BR1                       
00000060  UCA0CTL0                      
00000061  UCA0CTL1                      
0000005f  UCA0IRRCTL                    
0000005e  UCA0IRTCTL                    
00000064  UCA0MCTL                      
00000066  UCA0RXBUF                     
00000065  UCA0STAT                      
00000067  UCA0TXBUF                     
0000006a  UCB0BR0                       
0000006b  UCB0BR1                       
00000068  UCB0CTL0                      
00000069  UCB0CTL1                      
0000006c  UCB0I2CIE                     
00000118  UCB0I2COA                     
0000011a  UCB0I2CSA                     
0000006e  UCB0RXBUF                     
0000006d  UCB0STAT                      
0000006f  UCB0TXBUF                     
00000120  WDTCTL                        
00000600  __STACK_END                   
00000050  __STACK_SIZE                  
00008246  __TI_CINIT_Base               
0000824a  __TI_CINIT_Limit              
0000824a  __TI_CINIT_Warm               
00008242  __TI_Handler_Table_Base       
00008246  __TI_Handler_Table_Limit      
00008226  __TI_ISR_TRAP                 
00008134  __TI_auto_init_nobinit_nopinit
00008000  __TI_decompress_lzss          
000081f2  __TI_decompress_none          
0000ffe4  __TI_int02                    
0000ffe6  __TI_int03                    
0000ffea  __TI_int05                    
0000ffec  __TI_int06                    
0000ffee  __TI_int07                    
0000fff0  __TI_int08                    
0000fff2  __TI_int09                    
0000fff4  __TI_int10                    
0000fff8  __TI_int12                    
0000fffa  __TI_int13                    
0000fffc  __TI_int14                    
ffffffff  __TI_pprof_out_hndl           
ffffffff  __TI_prof_data_size           
ffffffff  __TI_prof_data_start          
ffffffff  __c_args__                    
00008222  __mspabi_func_epilog_1        
00008220  __mspabi_func_epilog_2        
0000821e  __mspabi_func_epilog_3        
0000821c  __mspabi_func_epilog_4        
0000821a  __mspabi_func_epilog_5        
00008218  __mspabi_func_epilog_6        
00008216  __mspabi_func_epilog_7        
000081aa  __mspabi_slli                 
000081d2  __mspabi_slli_1               
000081c0  __mspabi_slli_10              
000081be  __mspabi_slli_11              
000081bc  __mspabi_slli_12              
000081ba  __mspabi_slli_13              
000081b8  __mspabi_slli_14              
000081b6  __mspabi_slli_15              
000081d0  __mspabi_slli_2               
000081ce  __mspabi_slli_3               
000081cc  __mspabi_slli_4               
000081ca  __mspabi_slli_5               
000081c8  __mspabi_slli_6               
000081c6  __mspabi_slli_7               
000081c4  __mspabi_slli_8               
000081c2  __mspabi_slli_9               
000080e8  __mspabi_srli                 
0000812e  __mspabi_srli_1               
0000810a  __mspabi_srli_10              
00008106  __mspabi_srli_11              
00008102  __mspabi_srli_12              
000080fe  __mspabi_srli_13              
000080fa  __mspabi_srli_14              
000080f6  __mspabi_srli_15              
0000812a  __mspabi_srli_2               
00008126  __mspabi_srli_3               
00008122  __mspabi_srli_4               
0000811e  __mspabi_srli_5               
0000811a  __mspabi_srli_6               
00008116  __mspabi_srli_7               
00008112  __mspabi_srli_8               
0000810e  __mspabi_srli_9               
000081d6  _c_int00_noargs               
0000fffe  _reset_vector                 
000005b0  _stack                        
00008238  _system_post_cinit            
00008234  _system_pre_init              
0000822e  abort                         
00000206  blinkHold                     
00000204  blinkPhase                    
00000200  led2IsBlinking                
00008176  main                          
00008204  memcpy                        
00000202  overflowCount                 


GLOBAL SYMBOLS: SORTED BY Symbol Address 

address   name                          
-------   ----                          
00000000  IE1                           
00000001  IE2                           
00000002  IFG1                          
00000003  IFG2                          
00000010  P3REN                         
00000011  P4REN                         
00000018  P3IN                          
00000019  P3OUT                         
0000001a  P3DIR                         
0000001b  P3SEL                         
0000001c  P4IN                          
0000001d  P4OUT                         
0000001e  P4DIR                         
0000001f  P4SEL                         
00000020  P1IN                          
00000021  P1OUT                         
00000022  P1DIR                         
00000023  P1IFG                         
00000024  P1IES                         
00000025  P1IE                          
00000026  P1SEL                         
00000027  P1REN                         
00000028  P2IN                          
00000029  P2OUT                         
0000002a  P2DIR                         
0000002b  P2IFG                         
0000002c  P2IES                         
0000002d  P2IE                          
0000002e  P2SEL                         
0000002f  P2REN                         
00000048  ADC10DTC0                     
00000049  ADC10DTC1                     
0000004a  ADC10AE0                      
0000004b  ADC10AE1                      
00000050  __STACK_SIZE                  
00000053  BCSCTL3                       
00000056  DCOCTL                        
00000057  BCSCTL1                       
00000058  BCSCTL2                       
0000005d  UCA0ABCTL                     
0000005e  UCA0IRTCTL                    
0000005f  UCA0IRRCTL                    
00000060  UCA0CTL0                      
00000061  UCA0CTL1                      
00000062  UCA0BR0                       
00000063  UCA0BR1                       
00000064  UCA0MCTL                      
00000065  UCA0STAT                      
00000066  UCA0RXBUF                     
00000067  UCA0TXBUF                     
00000068  UCB0CTL0                      
00000069  UCB0CTL1                      
0000006a  UCB0BR0                       
0000006b  UCB0BR1                       
0000006c  UCB0I2CIE                     
0000006d  UCB0STAT                      
0000006e  UCB0RXBUF                     
0000006f  UCB0TXBUF                     
00000118  UCB0I2COA                     
0000011a  UCB0I2CSA                     
0000011e  TBIV                          
00000120  WDTCTL                        
00000128  FCTL1                         
0000012a  FCTL2                         
0000012c  FCTL3                         
0000012e  TAIV                          
00000160  TACTL                         
00000162  TACCTL0                       
00000164  TACCTL1                       
00000166  TACCTL2                       
00000170  TAR                           
00000172  TACCR0                        
00000174  TACCR1                        
00000176  TACCR2                        
00000180  TBCTL                         
00000182  TBCCTL0                       
00000184  TBCCTL1                       
00000186  TBCCTL2                       
00000190  TBR                           
00000192  TBCCR0                        
00000194  TBCCR1                        
00000196  TBCCR2                        
000001b0  ADC10CTL0                     
000001b2  ADC10CTL1                     
000001b4  ADC10MEM                      
000001bc  ADC10SA                       
00000200  led2IsBlinking                
00000202  overflowCount                 
00000204  blinkPhase                    
00000206  blinkHold                     
000005b0  _stack                        
00000600  __STACK_END                   
000010f8  CALDCO_16MHZ                  
000010f9  CALBC1_16MHZ                  
000010fa  CALDCO_12MHZ                  
000010fb  CALBC1_12MHZ                  
000010fc  CALDCO_8MHZ                   
000010fd  CALBC1_8MHZ                   
000010fe  CALDCO_1MHZ                   
000010ff  CALBC1_1MHZ                   
00008000  __TI_decompress_lzss          
0000807c  Timer_A                       
000080e8  __mspabi_srli                 
000080f6  __mspabi_srli_15              
000080fa  __mspabi_srli_14              
000080fe  __mspabi_srli_13              
00008102  __mspabi_srli_12              
00008106  __mspabi_srli_11              
0000810a  __mspabi_srli_10              
0000810e  __mspabi_srli_9               
00008112  __mspabi_srli_8               
00008116  __mspabi_srli_7               
0000811a  __mspabi_srli_6               
0000811e  __mspabi_srli_5               
00008122  __mspabi_srli_4               
00008126  __mspabi_srli_3               
0000812a  __mspabi_srli_2               
0000812e  __mspabi_srli_1               
00008134  __TI_auto_init_nobinit_nopinit
00008176  main                          
000081aa  __mspabi_slli                 
000081b6  __mspabi_slli_15              
000081b8  __mspabi_slli_14              
000081ba  __mspabi_slli_13              
000081bc  __mspabi_slli_12              
000081be  __mspabi_slli_11              
000081c0  __mspabi_slli_10              
000081c2  __mspabi_slli_9               
000081c4  __mspabi_slli_8               
000081c6  __mspabi_slli_7               
000081c8  __mspabi_slli_6               
000081ca  __mspabi_slli_5               
000081cc  __mspabi_slli_4               
000081ce  __mspabi_slli_3               
000081d0  __mspabi_slli_2               
000081d2  __mspabi_slli_1               
000081d6  _c_int00_noargs               
000081f2  __TI_decompress_none          
00008204  memcpy                        
00008216  __mspabi_func_epilog_7        
00008218  __mspabi_func_epilog_6        
0000821a  __mspabi_func_epilog_5        
0000821c  __mspabi_func_epilog_4        
0000821e  __mspabi_func_epilog_3        
00008220  __mspabi_func_epilog_2        
00008222  __mspabi_func_epilog_1        
00008226  __TI_ISR_TRAP                 
0000822e  C$$EXIT                       
0000822e  abort                         
00008234  _system_pre_init              
00008238  _system_post_cinit            
00008242  __TI_Handler_Table_Base       
00008246  __TI_CINIT_Base               
00008246  __TI_Handler_Table_Limit      
0000824a  __TI_CINIT_Limit              
0000824a  __TI_CINIT_Warm               
0000ffe4  __TI_int02                    
0000ffe6  __TI_int03                    
0000ffea  __TI_int05                    
0000ffec  __TI_int06                    
0000ffee  __TI_int07                    
0000fff0  __TI_int08                    
0000fff2  __TI_int09                    
0000fff4  __TI_int10                    
0000fff8  __TI_int12                    
0000fffa  __TI_int13                    
0000fffc  __TI_int14                    
0000fffe  _reset_vector                 
ffffffff  __TI_pprof_out_hndl           
ffffffff  __TI_prof_data_size           
ffffffff  __TI_prof_data_start          
ffffffff  __c_args__                    

[172 symbols]
